69.0
104.1
139.2
174.3
209.4
244.5
279.6
314.7
349.8
384.9
420.0
